using System;
using System.Collections.Generic;

namespace Blah.Core.Domain.Model
{
    public class User
    {
        public virtual long Id { get; set; }

        public virtual string UserName { get; set; }
        public virtual string Password { get; set; }
        public virtual string Comment { get; set; }
        public virtual string PasswordQuestion { get; set; }
        public virtual string PasswordAnswer { get; set; }
        public virtual bool IsApproved { get; set; }
        public virtual DateTime? LastActivityDate { get; set; }
        public virtual DateTime? LastLoginDate { get; set; }
        public virtual DateTime? LastPasswordChangedDate { get; set; }
        public virtual DateTime? CreationDate { get; set; }
        public virtual bool IsLockedOut { get; set; }
        public virtual DateTime? LastLockedOutDate { get; set; }
        public virtual int FailedPasswordAttemptCount { get; set; }
        public virtual int FailedPasswordAnswerAttemptCount { get; set; }
        public virtual string Email { get; set; }

        public virtual IList<Role> Roles { get; set; }

        public User()
        {
            Roles = new List<Role>();
        }

        public virtual void AddRole(Role role)
        {
            role.Users.Add(this);
            Roles.Add(role);
        }

        public virtual void RemoveRole(Role role)
        {
            role.Users.Remove(this);
            Roles.Remove(role);
        }
    }
}